/home/hax_l/software/snapshot/test_20210804_143420.snap